{
  "status": "PASS",
  "scope": "Seven exact scalar/formal-coefficient checks only. No prime samples, parameter scans, sieve verification or numerical constant enclosure.",
  "sympy_version": "1.14.0",
  "checks": [
    {
      "name": "reciprocal local Euler factors",
      "status": "PASS"
    },
    {
      "name": "finite eight-divisor Euler expansion",
      "status": "PASS"
    },
    {
      "name": "formal centered prefix with endpoints 1",
      "status": "PASS"
    },
    {
      "name": "formal centered prefix with endpoints 2",
      "status": "PASS"
    },
    {
      "name": "formal centered prefix with endpoints 3",
      "status": "PASS"
    },
    {
      "name": "exact far-tail integral derivative",
      "status": "PASS"
    },
    {
      "name": "RH lower-window exponent minus seven eighths",
      "status": "PASS"
    }
  ],
  "number_of_checks": 7,
  "report_sha256": "290c1ba8e80ab64074cfe0c4ad9d2609d4930b4bf52d789ffa156f9090731a9b"
}
