{"stage": "radial_residual", "active": 13293, "h_norm2": 6.654336789948977e-05}
{
  "status": "exploratory full cap-operator radial residual; no support restoration",
  "N": 16384,
  "density_cutoff": 1e-09,
  "tilt": 20,
  "original_77_quotient": 0.9933793528729782,
  "new_78_matrix_quotient": 0.9934506692779733,
  "gain_matrix": 7.131640499513647e-05,
  "radial_norm_squared": 6.654336789948977e-05,
  "outside_77_norm_squared": 6.573261981593157e-05,
  "radial_norm_fraction_outside_77": 0.9878162451172777,
  "coupling_f_Tz": 6.654336793094316e-05,
  "coupling_expected_h_norm_squared": 6.654336789948977e-05,
  "coupling_identity_relative_error": 4.726751469838156e-10,
  "mixed_adjoint_check": 3.065581642702764e-14,
  "mixed_adjoint_relative_check": 4.194881321449946e-10,
  "active_radial_cells": 13293,
  "radial_cells": 16345,
  "excluded_mass_positive_fraction": 1.321834693797747e-10,
  "negative_radial_mass_absolute_fraction": 2.150616867326587e-24,
  "orthogonal_complement_coupling": 0.00820756454970985,
  "new_vector_beta": 1.071685703636294,
  "matrix_direct_difference": -1.1652767639702688e-10,
  "dtype": "float64",
  "seconds": 1.8076250829617493,
  "source_sha256": "7f71bdefcfe3bb5ca76a143929b3cb3f4156c21dc483253cda3077420f1e5de4",
  "old_json_sha256": "e96b3ea379a45b3169979a772920b0501aceb9b2479be40fc3b16c74551cc8df"
}
