{"stage": "radial_residual", "active": 79843, "h_norm2": 6.670688589592519e-05}
{
  "status": "exploratory full cap-operator radial residual; no support restoration",
  "N": 98304,
  "density_cutoff": 1e-09,
  "tilt": 25.0,
  "stored_matrix_tilt": 20.0,
  "mass_normalization_conversion": 0.06012614330005974,
  "normalized_residual_T_expectation": 0.043583189069473026,
  "original_77_quotient": 0.9943963991909279,
  "new_78_matrix_quotient": 0.9944678209367753,
  "gain_matrix": 7.14217458473998e-05,
  "radial_norm_squared": 6.670688589592519e-05,
  "outside_77_norm_squared": 6.589186717474775e-05,
  "radial_norm_fraction_outside_77": 0.9877820901061246,
  "coupling_f_Tz": 6.670688584658807e-05,
  "coupling_expected_h_norm_squared": 6.670688589592519e-05,
  "coupling_identity_relative_error": -7.396106209999443e-10,
  "mixed_adjoint_check": -4.829069002315611e-14,
  "mixed_adjoint_relative_check": -6.591131798151233e-10,
  "active_radial_cells": 79843,
  "radial_cells": 98265,
  "excluded_mass_positive_fraction": 1.3245976623816555e-10,
  "negative_radial_mass_absolute_fraction": 3.201179675098008e-26,
  "orthogonal_complement_coupling": 0.00821778470825204,
  "new_vector_beta": 1.0706377790757522,
  "matrix_direct_difference": -1.1707579350428432e-10,
  "dtype": "float64",
  "seconds": 10.681679625005927,
  "source_sha256": "7f71bdefcfe3bb5ca76a143929b3cb3f4156c21dc483253cda3077420f1e5de4",
  "program_sha256": "80aec23e29508fb2c301c975084064aa432d04f6b9c8850f1f7cc60e2fabfbad",
  "engine_sha256": "62721474dc05b63bbec403f4aedef0dc81601626a61f46ffab472071917da1d9",
  "old_npz_sha256": "7319f11601dcac75f92ca965aea3f04a1d515ac1e8d8cd971dfddfd399a82607",
  "old_json_sha256": "c2bcb872fb3826460d86e05a726b1bceae39d2738aff4b94e1315cb9945afac6"
}
