{"stage": "radial_residual", "active": 76847, "h_norm2": 6.668528242902395e-05}
{
  "status": "exploratory full cap-operator radial residual; no support restoration",
  "N": 98304,
  "density_cutoff": 1e-08,
  "tilt": 20,
  "stored_matrix_tilt": 20.0,
  "mass_normalization_conversion": 1.0,
  "normalized_residual_T_expectation": 0.04348233092617879,
  "original_77_quotient": 0.9943963991909279,
  "new_78_matrix_quotient": 0.9944678032713334,
  "gain_matrix": 7.140408040551272e-05,
  "radial_norm_squared": 6.668528242902395e-05,
  "outside_77_norm_squared": 6.585659553273768e-05,
  "radial_norm_fraction_outside_77": 0.9875731665803729,
  "coupling_f_Tz": 6.668528237979221e-05,
  "coupling_expected_h_norm_squared": 6.668528242902395e-05,
  "coupling_identity_relative_error": -7.382699009139167e-10,
  "mixed_adjoint_check": -4.826609218636785e-14,
  "mixed_adjoint_relative_check": -6.563646952903227e-10,
  "active_radial_cells": 76847,
  "radial_cells": 98265,
  "excluded_mass_positive_fraction": 1.63528209944548e-09,
  "negative_radial_mass_absolute_fraction": 3.5721133837527296e-25,
  "orthogonal_complement_coupling": 0.008217322968027276,
  "new_vector_beta": 1.0707197451150827,
  "matrix_direct_difference": -7.670986068575303e-11,
  "dtype": "float64",
  "seconds": 10.695753624953795,
  "source_sha256": "7f71bdefcfe3bb5ca76a143929b3cb3f4156c21dc483253cda3077420f1e5de4",
  "program_sha256": "80aec23e29508fb2c301c975084064aa432d04f6b9c8850f1f7cc60e2fabfbad",
  "engine_sha256": "62721474dc05b63bbec403f4aedef0dc81601626a61f46ffab472071917da1d9",
  "old_npz_sha256": "7319f11601dcac75f92ca965aea3f04a1d515ac1e8d8cd971dfddfd399a82607",
  "old_json_sha256": "c2bcb872fb3826460d86e05a726b1bceae39d2738aff4b94e1315cb9945afac6"
}
