{
  "Laurent_and_finite_prefix_constants": "PASS",
  "RH_tail_derivative": "0",
  "T_ratio_inequality_factor": "(T-3)*(7*T-6)",
  "continuous_moment": "2/((T-1)(T-2))",
  "finite_T2_continuous_coefficient": "2*log(q) - 3 + 4/q - 1/q**2",
  "finite_controls": [
    {
      "cell_count": 8,
      "coefficients": {
        "11": "L_11",
        "3": "L_3",
        "4": "L_2",
        "5": "L_5",
        "7": "L_7",
        "8": "L_2",
        "9": "L_3"
      },
      "cutoff_is_occupied": false,
      "direct_minus_pair_mixed_continuous": "0",
      "direct_minus_stieltjes_with_boundary": "0",
      "interval": [
        "5/2",
        "12"
      ],
      "omitting_boundary_fails": true,
      "required_boundary": "-125*(2*L_11 + 4*L_2 + 4*L_3 + 2*L_5 + 2*L_7 - 19)**2/55296",
      "scope": "Exact toy finite functional only; not a numerical height evaluation.",
      "toy_exponent": "3"
    },
    {
      "cell_count": 8,
      "coefficients": {
        "11": "L_11",
        "13": "L_13",
        "3": "L_3",
        "4": "L_2",
        "5": "L_5",
        "7": "L_7",
        "8": "L_2",
        "9": "L_3"
      },
      "cutoff_is_occupied": true,
      "direct_minus_pair_mixed_continuous": "0",
      "direct_minus_stieltjes_with_boundary": "0",
      "interval": [
        "7/3",
        "13"
      ],
      "omitting_boundary_fails": true,
      "required_boundary": "-49*(3*L_11 + 3*L_13 + 6*L_2 + 6*L_3 + 3*L_5 + 3*L_7 - 32)**2/13689",
      "scope": "Exact toy finite functional only; not a numerical height evaluation.",
      "toy_exponent": "2"
    },
    {
      "cell_count": 7,
      "coefficients": {
        "3": "1",
        "4": "1",
        "5": "-2/3",
        "6": "-1",
        "7": "0",
        "8": "1/3",
        "9": "2"
      },
      "cutoff_is_occupied": true,
      "direct_minus_pair_mixed_continuous": "0",
      "direct_minus_stieltjes_with_boundary": "0",
      "interval": [
        "11/4",
        "9"
      ],
      "omitting_boundary_fails": true,
      "required_boundary": "-27071209/241864704",
      "scope": "Exact toy finite functional only; not a numerical height evaluation.",
      "toy_exponent": "4"
    }
  ],
  "finite_cutoff_constant_before_rounding": "13005/8",
  "larger_prime_power_regrouping": "0",
  "scope": "Small exact symbolic checks only. Analytic convergence and RH statements require the written proof; no numerical heights, scans or asymptotic inference.",
  "script_sha256": "c46c6a51f8d3c99e6d1b6d5e5fcdfcfc44528b164c6c8a7a2192e7195130c6bb",
  "stated_safe_constant": 2048,
  "status": "PASS",
  "survival_and_mixed_antiderivatives": "PASS",
  "sympy_version": "1.14.0",
  "unconditional_tail_derivative": "0"
}
