{"stage": "radial_residual", "active": 79843, "h_norm2": 6.670688589594228e-05}
{
  "status": "exploratory full cap-operator radial residual; no support restoration",
  "N": 98304,
  "density_cutoff": 1e-09,
  "tilt": 20,
  "stored_matrix_tilt": 20.0,
  "mass_normalization_conversion": 1.0,
  "normalized_residual_T_expectation": 0.043583189070450945,
  "original_77_quotient": 0.9943963991909279,
  "new_78_matrix_quotient": 0.9944678209367751,
  "gain_matrix": 7.142174584717775e-05,
  "radial_norm_squared": 6.670688589594228e-05,
  "outside_77_norm_squared": 6.589186717477095e-05,
  "radial_norm_fraction_outside_77": 0.9877820901062194,
  "coupling_f_Tz": 6.670688584662753e-05,
  "coupling_expected_h_norm_squared": 6.670688589594228e-05,
  "coupling_identity_relative_error": -7.392751950233485e-10,
  "mixed_adjoint_check": -4.8301640465098217e-14,
  "mixed_adjoint_relative_check": -6.592626409052917e-10,
  "active_radial_cells": 79843,
  "radial_cells": 98265,
  "excluded_mass_positive_fraction": 1.324597662381936e-10,
  "negative_radial_mass_absolute_fraction": 3.5721133837527296e-25,
  "orthogonal_complement_coupling": 0.008217784708255455,
  "new_vector_beta": 1.0706377790773927,
  "matrix_direct_difference": 3.609212928523675e-11,
  "dtype": "float64",
  "seconds": 10.515518874977715,
  "source_sha256": "7f71bdefcfe3bb5ca76a143929b3cb3f4156c21dc483253cda3077420f1e5de4",
  "program_sha256": "0cae6f84a62f8267dce20eed3cd0edbf35d2899f1c04de82daf16535fad3608e",
  "engine_sha256": "62721474dc05b63bbec403f4aedef0dc81601626a61f46ffab472071917da1d9",
  "old_npz_sha256": "7319f11601dcac75f92ca965aea3f04a1d515ac1e8d8cd971dfddfd399a82607",
  "old_json_sha256": "c2bcb872fb3826460d86e05a726b1bceae39d2738aff4b94e1315cb9945afac6"
}
